16:18:40 **** Incremental Build of configuration Debug for project Test_Program_3 ****
make all 
'Building file: ../src/test_nexys4ioV2.c'
'Invoking: MicroBlaze gcc compiler'
mb-gcc -Wall -O0 -g3 -c -fmessage-length=0 -MT"src/test_nexys4ioV2.o" -IC:/ECE544-EmbeddedSystemsFPGA/ece544w25_proj1/ECE544-Project1/nexysa7fpga/export/nexysa7fpga/sw/nexysa7fpga/standalone_microblaze_0/bspinclude/include -mlittle-endian -mcpu=v11.0 -mxl-soft-mul -Wl,--no-relax -ffunction-sections -fdata-sections -MMD -MP -MF"src/test_nexys4ioV2.d" -MT"src/test_nexys4ioV2.o" -o "src/test_nexys4ioV2.o" "../src/test_nexys4ioV2.c"
'Finished building: ../src/test_nexys4ioV2.c'
' '
'Building target: Test_Program_3.elf'
'Invoking: MicroBlaze gcc linker'
mb-gcc -Wl,-T -Wl,../src/lscript.ld -LC:/ECE544-EmbeddedSystemsFPGA/ece544w25_proj1/ECE544-Project1/nexysa7fpga/export/nexysa7fpga/sw/nexysa7fpga/standalone_microblaze_0/bsplib/lib -mlittle-endian -mcpu=v11.0 -mxl-soft-mul -Wl,--no-relax -Wl,--gc-sections -o "Test_Program_3.elf"  ./src/platform.o ./src/test_nexys4ioV2.o   -Wl,--start-group,-lxil,-lgcc,-lc,--end-group
'Finished building target: Test_Program_3.elf'
' '
'Invoking: MicroBlaze Print Size'
mb-size Test_Program_3.elf  |tee "Test_Program_3.elf.size"
   text	   data	    bss	    dec	    hex	filename
  24816	    356	   3364	  28536	   6f78	Test_Program_3.elf
'Finished building: Test_Program_3.elf.size'
' '

16:18:40 Build Finished (took 605ms)

